/usr/include/c++/14.2.1/bits/unordered_map.h:109:11:std::unordered_map<const ILayout*, std::unique_ptr<BestFirst::State>, BestFirst::MapHash, BestFirst::MapEqual>::~unordered_map()	32	static
/usr/include/c++/14.2.1/bits/stl_list.h:903:7:std::__cxx11::list<_Tp, _Alloc>::~list() [with _Tp = const BestFirst::State*; _Alloc = std::allocator<const BestFirst::State*>]	32	static
/usr/include/c++/14.2.1/bits/stl_queue.h:496:11:std::priority_queue<std::unique_ptr<BestFirst::State>, std::vector<std::unique_ptr<BestFirst::State> >, BestFirst::QueueCmp>::~priority_queue()	32	static
./include/BestFirst.hpp:7:7:BestFirst::~BestFirst()	32	static
./src/Main.cpp:6:5:int main()	400	static
/usr/include/c++/14.2.1/bits/hashtable_policy.h:1240:12:std::__detail::_Hashtable_ebo_helper<0, std::allocator<std::__detail::_Hash_node<std::pair<const ILayout* const, std::unique_ptr<BestFirst::State> >, true> >, true>::~_Hashtable_ebo_helper()	48	static
/usr/include/c++/14.2.1/bits/hashtable_policy.h:1940:12:std::__detail::_Hashtable_alloc<std::allocator<std::__detail::_Hash_node<std::pair<const ILayout* const, std::unique_ptr<BestFirst::State> >, true> > >::~_Hashtable_alloc()	32	static
/usr/include/c++/14.2.1/bits/hashtable.h:1654:5:std::_Hashtable<_Key, _Value, _Alloc, _ExtractKey, _Equal, _Hash, _RangeHash, _Unused, _RehashPolicy, _Traits>::~_Hashtable() [with _Key = const ILayout*; _Value = std::pair<const ILayout* const, std::unique_ptr<BestFirst::State> >; _Alloc = std::allocator<std::pair<const ILayout* const, std::unique_ptr<BestFirst::State> > >; _ExtractKey = std::__detail::_Select1st; _Equal = BestFirst::MapEqual; _Hash = BestFirst::MapHash; _RangeHash = std::__detail::_Mod_range_hashing; _Unused = std::__detail::_Default_ranged_hash; _RehashPolicy = std::__detail::_Prime_rehash_policy; _Traits = std::__detail::_Hashtable_traits<true, false, true>]	32	static
/usr/include/c++/14.2.1/bits/stl_list.h:450:14:std::__cxx11::_List_base<const BestFirst::State*, std::allocator<const BestFirst::State*> >::_List_impl::~_List_impl()	48	static
/usr/include/c++/14.2.1/bits/stl_list.h:574:7:std::__cxx11::_List_base<_Tp, _Alloc>::~_List_base() [with _Tp = const BestFirst::State*; _Alloc = std::allocator<const BestFirst::State*>]	32	static
/usr/include/c++/14.2.1/bits/stl_vector.h:733:7:std::vector<_Tp, _Alloc>::~vector() [with _Tp = std::unique_ptr<BestFirst::State>; _Alloc = std::allocator<std::unique_ptr<BestFirst::State> >]	64	static
/usr/include/c++/14.2.1/bits/stl_list.h:318:7:bool std::operator==(const _List_iterator<const BestFirst::State*>::_Self&, const _List_iterator<const BestFirst::State*>::_Self&)	16	static
/usr/include/c++/14.2.1/bits/stl_list.h:324:7:bool std::operator!=(const _List_iterator<const BestFirst::State*>::_Self&, const _List_iterator<const BestFirst::State*>::_Self&)	16	static
/usr/include/c++/14.2.1/bits/stl_list.h:294:7:std::_List_iterator< <template-parameter-1-1> >::_Self std::_List_iterator< <template-parameter-1-1> >::operator++(int) [with _Tp = const BestFirst::State*]	48	static
/usr/include/c++/14.2.1/bits/stl_list.h:278:7:_Tp& std::_List_iterator< <template-parameter-1-1> >::operator*() const [with _Tp = const BestFirst::State*]	32	static
/usr/include/c++/14.2.1/bits/stl_list.h:302:7:std::_List_iterator< <template-parameter-1-1> >::_Self& std::_List_iterator< <template-parameter-1-1> >::operator--() [with _Tp = const BestFirst::State*]	16	static
/usr/include/c++/14.2.1/bits/hashtable.h:2580:5:void std::_Hashtable<_Key, _Value, _Alloc, _ExtractKey, _Equal, _Hash, _RangeHash, _Unused, _RehashPolicy, _Traits>::clear() [with _Key = const ILayout*; _Value = std::pair<const ILayout* const, std::unique_ptr<BestFirst::State> >; _Alloc = std::allocator<std::pair<const ILayout* const, std::unique_ptr<BestFirst::State> > >; _ExtractKey = std::__detail::_Select1st; _Equal = BestFirst::MapEqual; _Hash = BestFirst::MapHash; _RangeHash = std::__detail::_Mod_range_hashing; _Unused = std::__detail::_Default_ranged_hash; _RehashPolicy = std::__detail::_Prime_rehash_policy; _Traits = std::__detail::_Hashtable_traits<true, false, true>]	32	static
/usr/include/c++/14.2.1/bits/hashtable.h:460:7:void std::_Hashtable<_Key, _Value, _Alloc, _ExtractKey, _Equal, _Hash, _RangeHash, _Unused, _RehashPolicy, _Traits>::_M_deallocate_buckets() [with _Key = const ILayout*; _Value = std::pair<const ILayout* const, std::unique_ptr<BestFirst::State> >; _Alloc = std::allocator<std::pair<const ILayout* const, std::unique_ptr<BestFirst::State> > >; _ExtractKey = std::__detail::_Select1st; _Equal = BestFirst::MapEqual; _Hash = BestFirst::MapHash; _RangeHash = std::__detail::_Mod_range_hashing; _Unused = std::__detail::_Default_ranged_hash; _RehashPolicy = std::__detail::_Prime_rehash_policy; _Traits = std::__detail::_Hashtable_traits<true, false, true>]	32	static
/usr/include/c++/14.2.1/bits/list.tcc:66:5:void std::__cxx11::_List_base<_Tp, _Alloc>::_M_clear() [with _Tp = const BestFirst::State*; _Alloc = std::allocator<const BestFirst::State*>]	96	static
/usr/include/c++/14.2.1/bits/stl_vector.h:132:14:std::_Vector_base<std::unique_ptr<BestFirst::State>, std::allocator<std::unique_ptr<BestFirst::State> > >::_Vector_impl::~_Vector_impl()	48	static
/usr/include/c++/14.2.1/bits/stl_vector.h:366:7:std::_Vector_base<_Tp, _Alloc>::~_Vector_base() [with _Tp = std::unique_ptr<BestFirst::State>; _Alloc = std::allocator<std::unique_ptr<BestFirst::State> >]	32	static
/usr/include/c++/14.2.1/bits/stl_vector.h:300:7:std::_Vector_base<_Tp, _Alloc>::_Tp_alloc_type& std::_Vector_base<_Tp, _Alloc>::_M_get_Tp_allocator() [with _Tp = std::unique_ptr<BestFirst::State>; _Alloc = std::allocator<std::unique_ptr<BestFirst::State> >]	16	static
/usr/include/c++/14.2.1/bits/stl_list.h:238:18:_Tp* std::_List_node<_Tp>::_M_valptr() [with _Tp = const BestFirst::State*]	32	static
/usr/include/c++/14.2.1/bits/new_allocator.h:104:7:std::__new_allocator<_Tp>::~__new_allocator() [with _Tp = std::__detail::_Hash_node<std::pair<const ILayout* const, std::unique_ptr<BestFirst::State> >, true>]	16	static
/usr/include/c++/14.2.1/bits/hashtable.h:473:7:std::_Hashtable<_Key, _Value, _Alloc, _ExtractKey, _Equal, _Hash, _RangeHash, _Unused, _RehashPolicy, _Traits>::__node_ptr std::_Hashtable<_Key, _Value, _Alloc, _ExtractKey, _Equal, _Hash, _RangeHash, _Unused, _RehashPolicy, _Traits>::_M_begin() const [with _Key = const ILayout*; _Value = std::pair<const ILayout* const, std::unique_ptr<BestFirst::State> >; _Alloc = std::allocator<std::pair<const ILayout* const, std::unique_ptr<BestFirst::State> > >; _ExtractKey = std::__detail::_Select1st; _Equal = BestFirst::MapEqual; _Hash = BestFirst::MapHash; _RangeHash = std::__detail::_Mod_range_hashing; _Unused = std::__detail::_Default_ranged_hash; _RehashPolicy = std::__detail::_Prime_rehash_policy; _Traits = std::__detail::_Hashtable_traits<true, false, true>]	16	static
/usr/include/c++/14.2.1/bits/hashtable_policy.h:2056:5:void std::__detail::_Hashtable_alloc<_NodeAlloc>::_M_deallocate_nodes(__node_ptr) [with _NodeAlloc = std::allocator<std::__detail::_Hash_node<std::pair<const ILayout* const, std::unique_ptr<BestFirst::State> >, true> >]	48	static
/usr/include/c++/14.2.1/bits/hashtable.h:451:7:void std::_Hashtable<_Key, _Value, _Alloc, _ExtractKey, _Equal, _Hash, _RangeHash, _Unused, _RehashPolicy, _Traits>::_M_deallocate_buckets(__buckets_ptr, size_type) [with _Key = const ILayout*; _Value = std::pair<const ILayout* const, std::unique_ptr<BestFirst::State> >; _Alloc = std::allocator<std::pair<const ILayout* const, std::unique_ptr<BestFirst::State> > >; _ExtractKey = std::__detail::_Select1st; _Equal = BestFirst::MapEqual; _Hash = BestFirst::MapHash; _RangeHash = std::__detail::_Mod_range_hashing; _Unused = std::__detail::_Default_ranged_hash; _RehashPolicy = std::__detail::_Prime_rehash_policy; _Traits = std::__detail::_Hashtable_traits<true, false, true>]	48	static
/usr/include/c++/14.2.1/bits/new_allocator.h:104:7:std::__new_allocator<_Tp>::~__new_allocator() [with _Tp = std::_List_node<const BestFirst::State*>]	16	static
/usr/include/c++/14.2.1/bits/stl_list.h:528:7:std::__cxx11::_List_base<_Tp, _Alloc>::_Node_alloc_type& std::__cxx11::_List_base<_Tp, _Alloc>::_M_get_Node_allocator() [with _Tp = const BestFirst::State*; _Alloc = std::allocator<const BestFirst::State*>]	16	static
/usr/include/c++/14.2.1/bits/stl_list.h:521:7:void std::__cxx11::_List_base<_Tp, _Alloc>::_M_put_node(typename _Node_alloc_traits::pointer) [with _Tp = const BestFirst::State*; _Alloc = std::allocator<const BestFirst::State*>]	64	static
/usr/include/c++/14.2.1/bits/stl_vector.h:385:7:void std::_Vector_base<_Tp, _Alloc>::_M_deallocate(pointer, std::size_t) [with _Tp = std::unique_ptr<BestFirst::State>; _Alloc = std::allocator<std::unique_ptr<BestFirst::State> >]	80	static
/usr/include/c++/14.2.1/bits/stl_construct.h:182:5:void std::_Destroy(_ForwardIterator, _ForwardIterator) [with _ForwardIterator = unique_ptr<BestFirst::State>*]	32	static
/usr/include/c++/14.2.1/ext/aligned_buffer.h:72:7:_Tp* __gnu_cxx::__aligned_membuf<_Tp>::_M_ptr() [with _Tp = const BestFirst::State*]	32	static
/usr/include/c++/14.2.1/bits/hashtable_policy.h:386:7:std::__detail::_Hash_node<_Value, _Cache_hash_code>* std::__detail::_Hash_node<_Value, _Cache_hash_code>::_M_next() const [with _Value = std::pair<const ILayout* const, std::unique_ptr<BestFirst::State> >; bool _Cache_hash_code = true]	16	static
/usr/include/c++/14.2.1/bits/hashtable_policy.h:2038:5:void std::__detail::_Hashtable_alloc<_NodeAlloc>::_M_deallocate_node(__node_ptr) [with _NodeAlloc = std::allocator<std::__detail::_Hash_node<std::pair<const ILayout* const, std::unique_ptr<BestFirst::State> >, true> >]	96	static
/usr/include/c++/14.2.1/bits/hashtable.h:421:7:bool std::_Hashtable<_Key, _Value, _Alloc, _ExtractKey, _Equal, _Hash, _RangeHash, _Unused, _RehashPolicy, _Traits>::_M_uses_single_bucket(__buckets_ptr) const [with _Key = const ILayout*; _Value = std::pair<const ILayout* const, std::unique_ptr<BestFirst::State> >; _Alloc = std::allocator<std::pair<const ILayout* const, std::unique_ptr<BestFirst::State> > >; _ExtractKey = std::__detail::_Select1st; _Equal = BestFirst::MapEqual; _Hash = BestFirst::MapHash; _RangeHash = std::__detail::_Mod_range_hashing; _Unused = std::__detail::_Default_ranged_hash; _RehashPolicy = std::__detail::_Prime_rehash_policy; _Traits = std::__detail::_Hashtable_traits<true, false, true>]	16	static
/usr/include/c++/14.2.1/bits/hashtable_policy.h:2081:5:void std::__detail::_Hashtable_alloc<_NodeAlloc>::_M_deallocate_buckets(__buckets_ptr, std::size_t) [with _NodeAlloc = std::allocator<std::__detail::_Hash_node<std::pair<const ILayout* const, std::unique_ptr<BestFirst::State> >, true> >]	112	static
/usr/include/c++/14.2.1/bits/new_allocator.h:104:7:std::__new_allocator<_Tp>::~__new_allocator() [with _Tp = std::unique_ptr<BestFirst::State>]	16	static
/usr/include/c++/14.2.1/bits/stl_construct.h:160:2:static void std::_Destroy_aux<<anonymous> >::__destroy(_ForwardIterator, _ForwardIterator) [with _ForwardIterator = std::unique_ptr<BestFirst::State>*; bool <anonymous> = false]	32	static
/usr/include/c++/14.2.1/ext/aligned_buffer.h:64:7:void* __gnu_cxx::__aligned_membuf<_Tp>::_M_addr() [with _Tp = const BestFirst::State*]	16	static
/usr/include/c++/14.2.1/bits/hashtable_policy.h:1978:7:std::__detail::_Hashtable_alloc<_NodeAlloc>::__node_alloc_type& std::__detail::_Hashtable_alloc<_NodeAlloc>::_M_node_allocator() [with _NodeAlloc = std::allocator<std::__detail::_Hash_node<std::pair<const ILayout* const, std::unique_ptr<BestFirst::State> >, true> >]	32	static
/usr/include/c++/14.2.1/bits/hashtable_policy.h:2046:5:void std::__detail::_Hashtable_alloc<_NodeAlloc>::_M_deallocate_node_ptr(__node_ptr) [with _NodeAlloc = std::allocator<std::__detail::_Hash_node<std::pair<const ILayout* const, std::unique_ptr<BestFirst::State> >, true> >]	64	static
/usr/include/c++/14.2.1/bits/ptr_traits.h:134:7:static _Tp* std::__ptr_traits_ptr_to<_Tp*, _Tp, false>::pointer_to(element_type&) [with _Tp = std::__detail::_Hash_node_base*]	32	static
/usr/include/c++/14.2.1/bits/new_allocator.h:156:7:void std::__new_allocator<_Tp>::deallocate(_Tp*, size_type) [with _Tp = std::_List_node<const BestFirst::State*>]	48	static
/usr/include/c++/14.2.1/bits/new_allocator.h:156:7:void std::__new_allocator<_Tp>::deallocate(_Tp*, size_type) [with _Tp = std::unique_ptr<BestFirst::State>]	48	static
/usr/include/c++/14.2.1/bits/move.h:51:5:constexpr _Tp* std::__addressof(_Tp&) [with _Tp = unique_ptr<BestFirst::State>]	16	static
/usr/include/c++/14.2.1/bits/stl_construct.h:146:5:constexpr void std::_Destroy(_Tp*) [with _Tp = unique_ptr<BestFirst::State>]	32	static
/usr/include/c++/14.2.1/bits/hashtable_policy.h:1251:12:_Tp& std::__detail::_Hashtable_ebo_helper<_Nm, _Tp, true>::_M_get() [with int _Nm = 0; _Tp = std::allocator<std::__detail::_Hash_node<std::pair<const ILayout* const, std::unique_ptr<BestFirst::State> >, true> >]	16	static
/usr/include/c++/14.2.1/ext/aligned_buffer.h:116:7:_Tp* __gnu_cxx::__aligned_buffer<_Tp>::_M_ptr() [with _Tp = std::pair<const ILayout* const, std::unique_ptr<BestFirst::State> >]	32	static
/usr/include/c++/14.2.1/bits/stl_pair.h:284:12:std::pair<const ILayout* const, std::unique_ptr<BestFirst::State> >::~pair()	32	static
/usr/include/c++/14.2.1/bits/ptr_traits.h:134:7:static _Tp* std::__ptr_traits_ptr_to<_Tp*, _Tp, false>::pointer_to(element_type&) [with _Tp = std::__detail::_Hash_node<std::pair<const ILayout* const, std::unique_ptr<BestFirst::State> >, true>]	32	static
/usr/include/c++/14.2.1/bits/move.h:162:5:constexpr _Tp* std::addressof(_Tp&) [with _Tp = __detail::_Hash_node_base*]	32	static
/usr/include/c++/14.2.1/bits/new_allocator.h:104:7:std::__new_allocator<_Tp>::~__new_allocator() [with _Tp = std::__detail::_Hash_node_base*]	16	static
/usr/include/c++/14.2.1/bits/new_allocator.h:156:7:void std::__new_allocator<_Tp>::deallocate(_Tp*, size_type) [with _Tp = std::__detail::_Hash_node_base*]	48	static
/usr/include/c++/14.2.1/bits/unique_ptr.h:392:7:std::unique_ptr<_Tp, _Dp>::~unique_ptr() [with _Tp = BestFirst::State; _Dp = std::default_delete<BestFirst::State>]	64	static
/usr/include/c++/14.2.1/ext/aligned_buffer.h:104:7:void* __gnu_cxx::__aligned_buffer<_Tp>::_M_addr() [with _Tp = std::pair<const ILayout* const, std::unique_ptr<BestFirst::State> >]	16	static
/usr/include/c++/14.2.1/bits/move.h:162:5:constexpr _Tp* std::addressof(_Tp&) [with _Tp = __detail::_Hash_node<pair<const ILayout* const, unique_ptr<BestFirst::State> >, true>]	32	static
/usr/include/c++/14.2.1/bits/new_allocator.h:156:7:void std::__new_allocator<_Tp>::deallocate(_Tp*, size_type) [with _Tp = std::__detail::_Hash_node<std::pair<const ILayout* const, std::unique_ptr<BestFirst::State> >, true>]	48	static
/usr/include/c++/14.2.1/bits/move.h:51:5:constexpr _Tp* std::__addressof(_Tp&) [with _Tp = __detail::_Hash_node_base*]	16	static
/usr/include/c++/14.2.1/bits/unique_ptr.h:191:18:std::__uniq_ptr_impl<_Tp, _Dp>::pointer& std::__uniq_ptr_impl<_Tp, _Dp>::_M_ptr() [with _Tp = BestFirst::State; _Dp = std::default_delete<BestFirst::State>]	32	static
/usr/include/c++/14.2.1/bits/unique_ptr.h:469:7:std::unique_ptr<_Tp, _Dp>::deleter_type& std::unique_ptr<_Tp, _Dp>::get_deleter() [with _Tp = BestFirst::State; _Dp = std::default_delete<BestFirst::State>]	32	static
/usr/include/c++/14.2.1/bits/move.h:126:5:constexpr typename std::remove_reference<_Tp>::type&& std::move(_Tp&&) [with _Tp = BestFirst::State*&]	16	static
./include/BestFirst.hpp:10:8:BestFirst::State::~State()	32	static
/usr/include/c++/14.2.1/bits/unique_ptr.h:87:7:void std::default_delete<_Tp>::operator()(_Tp*) const [with _Tp = BestFirst::State]	48	static
/usr/include/c++/14.2.1/bits/move.h:51:5:constexpr _Tp* std::__addressof(_Tp&) [with _Tp = __detail::_Hash_node<pair<const ILayout* const, unique_ptr<BestFirst::State> >, true>]	16	static
/usr/include/c++/14.2.1/tuple:2443:5:>&) [with long unsigned int __i = 0; _Elements = {BestFirst::State*, default_delete<BestFirst::State>}]	32	static
/usr/include/c++/14.2.1/bits/unique_ptr.h:195:18:_Dp& std::__uniq_ptr_impl<_Tp, _Dp>::_M_deleter() [with _Tp = BestFirst::State; _Dp = std::default_delete<BestFirst::State>]	32	static
/usr/include/c++/14.2.1/bits/unique_ptr.h:392:7:std::unique_ptr<_Tp, _Dp>::~unique_ptr() [with _Tp = ILayout; _Dp = std::default_delete<ILayout>]	64	static
/usr/include/c++/14.2.1/tuple:2427:5:>&) [with long unsigned int __i = 0; _Head = BestFirst::State*; _Tail = {default_delete<BestFirst::State>}]	32	static
/usr/include/c++/14.2.1/tuple:2443:5:>&) [with long unsigned int __i = 1; _Elements = {BestFirst::State*, default_delete<BestFirst::State>}]	32	static
/usr/include/c++/14.2.1/bits/unique_ptr.h:191:18:std::__uniq_ptr_impl<_Tp, _Dp>::pointer& std::__uniq_ptr_impl<_Tp, _Dp>::_M_ptr() [with _Tp = ILayout; _Dp = std::default_delete<ILayout>]	32	static
/usr/include/c++/14.2.1/bits/unique_ptr.h:469:7:std::unique_ptr<_Tp, _Dp>::deleter_type& std::unique_ptr<_Tp, _Dp>::get_deleter() [with _Tp = ILayout; _Dp = std::default_delete<ILayout>]	32	static
/usr/include/c++/14.2.1/bits/move.h:126:5:constexpr typename std::remove_reference<_Tp>::type&& std::move(_Tp&&) [with _Tp = ILayout*&]	16	static
/usr/include/c++/14.2.1/bits/unique_ptr.h:87:7:void std::default_delete<_Tp>::operator()(_Tp*) const [with _Tp = ILayout]	32	static
/usr/include/c++/14.2.1/tuple:293:7:>&) [with long unsigned int _Idx = 0; _Head = BestFirst::State*; _Tail = {std::default_delete<BestFirst::State>}]	32	static
/usr/include/c++/14.2.1/tuple:2427:5:>&) [with long unsigned int __i = 1; _Head = default_delete<BestFirst::State>; _Tail = {}]	32	static
/usr/include/c++/14.2.1/tuple:2443:5:>&) [with long unsigned int __i = 0; _Elements = {ILayout*, default_delete<ILayout>}]	32	static
/usr/include/c++/14.2.1/bits/unique_ptr.h:195:18:_Dp& std::__uniq_ptr_impl<_Tp, _Dp>::_M_deleter() [with _Tp = ILayout; _Dp = std::default_delete<ILayout>]	32	static
/usr/include/c++/14.2.1/tuple:242:7:static constexpr _Head& std::_Head_base<_Idx, _Head, false>::_M_head(std::_Head_base<_Idx, _Head, false>&) [with long unsigned int _Idx = 0; _Head = BestFirst::State*]	16	static
/usr/include/c++/14.2.1/tuple:556:7:static constexpr _Head& std::_Tuple_impl<_Idx, _Head>::_M_head(std::_Tuple_impl<_Idx, _Head>&) [with long unsigned int _Idx = 1; _Head = std::default_delete<BestFirst::State>]	32	static
/usr/include/c++/14.2.1/tuple:2427:5:>&) [with long unsigned int __i = 0; _Head = ILayout*; _Tail = {default_delete<ILayout>}]	32	static
/usr/include/c++/14.2.1/tuple:2443:5:>&) [with long unsigned int __i = 1; _Elements = {ILayout*, default_delete<ILayout>}]	32	static
/usr/include/c++/14.2.1/tuple:133:7:static constexpr _Head& std::_Head_base<_Idx, _Head, true>::_M_head(std::_Head_base<_Idx, _Head, true>&) [with long unsigned int _Idx = 1; _Head = std::default_delete<BestFirst::State>]	16	static
/usr/include/c++/14.2.1/tuple:293:7:>&) [with long unsigned int _Idx = 0; _Head = ILayout*; _Tail = {std::default_delete<ILayout>}]	32	static
/usr/include/c++/14.2.1/tuple:2427:5:>&) [with long unsigned int __i = 1; _Head = default_delete<ILayout>; _Tail = {}]	32	static
/usr/include/c++/14.2.1/tuple:242:7:static constexpr _Head& std::_Head_base<_Idx, _Head, false>::_M_head(std::_Head_base<_Idx, _Head, false>&) [with long unsigned int _Idx = 0; _Head = ILayout*]	16	static
/usr/include/c++/14.2.1/tuple:556:7:static constexpr _Head& std::_Tuple_impl<_Idx, _Head>::_M_head(std::_Tuple_impl<_Idx, _Head>&) [with long unsigned int _Idx = 1; _Head = std::default_delete<ILayout>]	32	static
/usr/include/c++/14.2.1/tuple:133:7:static constexpr _Head& std::_Head_base<_Idx, _Head, true>::_M_head(std::_Head_base<_Idx, _Head, true>&) [with long unsigned int _Idx = 1; _Head = std::default_delete<ILayout>]	16	static
